node.exe : [baseline-browse
r-mapping] The data in this
 module is over two months 
old.  To ensure accurate Ba
seline data, please update:
 `npm i baseline-browser-ma
pping@latest -D`
At line:1 char:1
+ & "C:\Program Files\nodej
s/node.exe" "C:\Users\LENOV
O\AppData\Roaming ...
+ ~~~~~~~~~~~~~~~~~~~~~~~~~
~~~~~~~~~~~~~~~~~~~~~~~~~~~
~~~~~~~~~~~~~~~~~
    + CategoryInfo         
     : NotSpecified: ([ba  
  seline-brows...ping@la   
 test -D`:String) [], R    
emoteException
    + FullyQualifiedErrorI 
   d : NativeCommandError
 
   Γû▓ Next.js 16.0.7 (Turbopack)
   - Environments: .env.local

   Creating an optimized production build ...
[baseline-browser-mapping] 
The data in this module is 
over two months old.  To en
sure accurate Baseline data
, please update: `npm i bas
eline-browser-mapping@lates
t -D`
